#! /usr/bin/vvp
:ivl_version "12.0 (stable)";
:ivl_delay_selection "TYPICAL";
:vpi_time_precision - 12;
:vpi_module "/usr/lib/x86_64-linux-gnu/ivl/system.vpi";
:vpi_module "/usr/lib/x86_64-linux-gnu/ivl/vhdl_sys.vpi";
:vpi_module "/usr/lib/x86_64-linux-gnu/ivl/vhdl_textio.vpi";
:vpi_module "/usr/lib/x86_64-linux-gnu/ivl/v2005_math.vpi";
:vpi_module "/usr/lib/x86_64-linux-gnu/ivl/va_math.vpi";
:vpi_module "/usr/lib/x86_64-linux-gnu/ivl/v2009.vpi";
S_0x560e7ca7a6a0 .scope package, "$unit" "$unit" 2 1;
 .timescale 0 0;
S_0x560e7ca7a830 .scope module, "raiz32_TB" "raiz32_TB" 3 3;
 .timescale -9 -12;
P_0x560e7ca7a9c0 .param/l "PERIOD" 0 3 23, +C4<00000000000000000000000000010100>;
v0x560e7cad7840_0 .var "A", 31 0;
v0x560e7cad7970_0 .net "Result", 31 0, L_0x560e7cab37c0;  1 drivers
v0x560e7cad7a30_0 .var "clk", 0 0;
v0x560e7cad7ad0_0 .net "done", 0 0, v0x560e7cad1d50_0;  1 drivers
v0x560e7cad7bc0_0 .var "rst", 0 0;
v0x560e7cad7d00_0 .var "start", 0 0;
S_0x560e7ca7c920 .scope module, "DUT" "raiz32" 3 14, 4 1 0, S_0x560e7ca7a830;
 .timescale -9 -12;
    .port_info 0 /INPUT 1 "clk";
    .port_info 1 /INPUT 1 "rst";
    .port_info 2 /INPUT 1 "start";
    .port_info 3 /INPUT 32 "A";
    .port_info 4 /OUTPUT 32 "Result";
    .port_info 5 /OUTPUT 1 "done";
L_0x560e7cab37c0 .functor BUFZ 32, v0x560e7cad5190_0, C4<00000000000000000000000000000000>, C4<00000000000000000000000000000000>, C4<00000000000000000000000000000000>;
v0x560e7cad5d80_0 .net "A", 31 0, v0x560e7cad7840_0;  1 drivers
v0x560e7cad5e60_0 .net "Result", 31 0, L_0x560e7cab37c0;  alias, 1 drivers
v0x560e7cad5f20_0 .net "a_ge_temp", 0 0, L_0x560e7cae7f90;  1 drivers
v0x560e7cad5ff0_0 .net "aluA_in", 31 0, v0x560e7cad30d0_0;  1 drivers
v0x560e7cad6090_0 .net "aluB_in", 31 0, v0x560e7cad3970_0;  1 drivers
v0x560e7cad61f0_0 .net "alu_out", 31 0, v0x560e7ca6f8c0_0;  1 drivers
v0x560e7cad62b0_0 .net "bit_gt_a", 0 0, L_0x560e7cae7ef0;  1 drivers
v0x560e7cad63a0_0 .net "clk", 0 0, v0x560e7cad7a30_0;  1 drivers
v0x560e7cad6440_0 .net "done", 0 0, v0x560e7cad1d50_0;  alias, 1 drivers
v0x560e7cad6570_0 .net "load", 0 0, v0x560e7cad1df0_0;  1 drivers
v0x560e7cad6610_0 .net "reg_A_out", 31 0, v0x560e7cad4230_0;  1 drivers
v0x560e7cad66b0_0 .net "reg_bit_out", 31 0, v0x560e7cad4840_0;  1 drivers
v0x560e7cad6800_0 .net "reg_res_out", 31 0, v0x560e7cad5190_0;  1 drivers
v0x560e7cad68c0_0 .net "reg_temp_out", 31 0, v0x560e7cad5b80_0;  1 drivers
v0x560e7cad6980_0 .net "rst", 0 0, v0x560e7cad7bc0_0;  1 drivers
v0x560e7cad6a20_0 .net "sel_A", 1 0, v0x560e7cad1fa0_0;  1 drivers
v0x560e7cad6ac0_0 .net "sel_B", 1 0, v0x560e7cad2080_0;  1 drivers
v0x560e7cad6b80_0 .net "sel_op", 0 0, v0x560e7cad2160_0;  1 drivers
v0x560e7cad6c70_0 .net "shift_bit", 0 0, v0x560e7cad2200_0;  1 drivers
v0x560e7cad6d60_0 .net "shift_res", 0 0, v0x560e7cad22a0_0;  1 drivers
v0x560e7cad6e50_0 .net "start", 0 0, v0x560e7cad7d00_0;  1 drivers
v0x560e7cad6ef0_0 .net "wr_a", 0 0, v0x560e7cad25e0_0;  1 drivers
v0x560e7cad6fe0_0 .net "wr_bit", 0 0, v0x560e7cad26a0_0;  1 drivers
v0x560e7cad70d0_0 .net "wr_res", 0 0, v0x560e7cad2760_0;  1 drivers
v0x560e7cad71c0_0 .net "wr_temp", 0 0, v0x560e7cad2820_0;  1 drivers
v0x560e7cad72b0_0 .net "z", 0 0, L_0x560e7cae7e00;  1 drivers
S_0x560e7ca7cb00 .scope module, "alu1" "alu" 4 77, 5 1 0, S_0x560e7ca7c920;
 .timescale -9 -12;
    .port_info 0 /INPUT 32 "A";
    .port_info 1 /INPUT 32 "B";
    .port_info 2 /INPUT 1 "alu_op";
    .port_info 3 /OUTPUT 32 "result";
v0x560e7ca6df90_0 .net "A", 31 0, v0x560e7cad30d0_0;  alias, 1 drivers
v0x560e7ca6e410_0 .net "B", 31 0, v0x560e7cad3970_0;  alias, 1 drivers
v0x560e7ca6eb70_0 .net "alu_op", 0 0, v0x560e7cad2160_0;  alias, 1 drivers
v0x560e7ca6f8c0_0 .var "result", 31 0;
E_0x560e7ca7b850 .event anyedge, v0x560e7ca6eb70_0, v0x560e7ca6df90_0, v0x560e7ca6e410_0;
S_0x560e7cad0920 .scope module, "comp1" "comp" 4 83, 6 1 0, S_0x560e7ca7c920;
 .timescale -9 -12;
    .port_info 0 /INPUT 32 "A";
    .port_info 1 /INPUT 32 "bit1";
    .port_info 2 /INPUT 32 "temp";
    .port_info 3 /OUTPUT 1 "z";
    .port_info 4 /OUTPUT 1 "bit_gt_a";
    .port_info 5 /OUTPUT 1 "a_ge_temp";
v0x560e7ca70ec0_0 .net "A", 31 0, v0x560e7cad4230_0;  alias, 1 drivers
L_0x776e9f4c0060 .functor BUFT 1, C4<00000000000000000000000000000000>, C4<0>, C4<0>, C4<0>;
v0x560e7caa2f70_0 .net/2u *"_ivl_0", 31 0, L_0x776e9f4c0060;  1 drivers
v0x560e7caac3d0_0 .net "a_ge_temp", 0 0, L_0x560e7cae7f90;  alias, 1 drivers
v0x560e7cad0ba0_0 .net "bit1", 31 0, v0x560e7cad4840_0;  alias, 1 drivers
v0x560e7cad0c80_0 .net "bit_gt_a", 0 0, L_0x560e7cae7ef0;  alias, 1 drivers
v0x560e7cad0d90_0 .net "temp", 31 0, v0x560e7cad5b80_0;  alias, 1 drivers
v0x560e7cad0e70_0 .net "z", 0 0, L_0x560e7cae7e00;  alias, 1 drivers
L_0x560e7cae7e00 .cmp/eq 32, v0x560e7cad4840_0, L_0x776e9f4c0060;
L_0x560e7cae7ef0 .cmp/gt 32, v0x560e7cad4840_0, v0x560e7cad4230_0;
L_0x560e7cae7f90 .cmp/ge 32, v0x560e7cad4230_0, v0x560e7cad5b80_0;
S_0x560e7cad0ff0 .scope module, "ctrl" "control_raiz" 4 91, 7 1 0, S_0x560e7ca7c920;
 .timescale -9 -12;
    .port_info 0 /INPUT 1 "clk";
    .port_info 1 /INPUT 1 "start";
    .port_info 2 /INPUT 1 "rst";
    .port_info 3 /INPUT 1 "z";
    .port_info 4 /INPUT 1 "bit_gt_a";
    .port_info 5 /INPUT 1 "a_ge_temp";
    .port_info 6 /OUTPUT 1 "load";
    .port_info 7 /OUTPUT 1 "wr_a";
    .port_info 8 /OUTPUT 1 "shift_res";
    .port_info 9 /OUTPUT 1 "wr_res";
    .port_info 10 /OUTPUT 1 "shift_bit";
    .port_info 11 /OUTPUT 1 "wr_bit";
    .port_info 12 /OUTPUT 1 "wr_temp";
    .port_info 13 /OUTPUT 2 "sel_A";
    .port_info 14 /OUTPUT 2 "sel_B";
    .port_info 15 /OUTPUT 1 "sel_op";
    .port_info 16 /OUTPUT 1 "done";
P_0x560e7cad11d0 .param/l "ASSIGN_A" 0 7 32, C4<0110>;
P_0x560e7cad1210 .param/l "ASSIGN_RES" 0 7 33, C4<0111>;
P_0x560e7cad1250 .param/l "ASSIGN_TEMP" 0 7 30, C4<0100>;
P_0x560e7cad1290 .param/l "CHECK_A" 0 7 31, C4<0101>;
P_0x560e7cad12d0 .param/l "CHECK_BIT" 0 7 28, C4<0010>;
P_0x560e7cad1310 .param/l "END_STATE" 0 7 35, C4<1001>;
P_0x560e7cad1350 .param/l "INIT" 0 7 27, C4<0001>;
P_0x560e7cad1390 .param/l "INIT_0" 0 7 26, C4<0000>;
P_0x560e7cad13d0 .param/l "SHIFT_BIT" 0 7 29, C4<0011>;
P_0x560e7cad1410 .param/l "SHIFT_RES_ADD" 0 7 36, C4<1010>;
P_0x560e7cad1450 .param/l "SHIFT_RES_ONLY" 0 7 34, C4<1000>;
v0x560e7cad1b50_0 .net "a_ge_temp", 0 0, L_0x560e7cae7f90;  alias, 1 drivers
v0x560e7cad1c10_0 .net "bit_gt_a", 0 0, L_0x560e7cae7ef0;  alias, 1 drivers
v0x560e7cad1cb0_0 .net "clk", 0 0, v0x560e7cad7a30_0;  alias, 1 drivers
v0x560e7cad1d50_0 .var "done", 0 0;
v0x560e7cad1df0_0 .var "load", 0 0;
v0x560e7cad1ee0_0 .net "rst", 0 0, v0x560e7cad7bc0_0;  alias, 1 drivers
v0x560e7cad1fa0_0 .var "sel_A", 1 0;
v0x560e7cad2080_0 .var "sel_B", 1 0;
v0x560e7cad2160_0 .var "sel_op", 0 0;
v0x560e7cad2200_0 .var "shift_bit", 0 0;
v0x560e7cad22a0_0 .var "shift_res", 0 0;
v0x560e7cad2360_0 .net "start", 0 0, v0x560e7cad7d00_0;  alias, 1 drivers
v0x560e7cad2420_0 .var "state", 3 0;
v0x560e7cad2500_0 .var "state_name", 320 1;
v0x560e7cad25e0_0 .var "wr_a", 0 0;
v0x560e7cad26a0_0 .var "wr_bit", 0 0;
v0x560e7cad2760_0 .var "wr_res", 0 0;
v0x560e7cad2820_0 .var "wr_temp", 0 0;
v0x560e7cad28e0_0 .net "z", 0 0, L_0x560e7cae7e00;  alias, 1 drivers
E_0x560e7ca7bb10 .event anyedge, v0x560e7cad2420_0;
E_0x560e7ca78da0 .event posedge, v0x560e7cad1cb0_0;
S_0x560e7cad2b80 .scope module, "muxA" "mux" 4 61, 8 1 0, S_0x560e7ca7c920;
 .timescale -9 -12;
    .port_info 0 /INPUT 32 "A";
    .port_info 1 /INPUT 32 "B";
    .port_info 2 /INPUT 32 "C";
    .port_info 3 /INPUT 32 "D";
    .port_info 4 /INPUT 2 "sel";
    .port_info 5 /OUTPUT 32 "Y";
v0x560e7cad2dd0_0 .net "A", 31 0, v0x560e7cad4840_0;  alias, 1 drivers
v0x560e7cad2eb0_0 .net "B", 31 0, v0x560e7cad5190_0;  alias, 1 drivers
v0x560e7cad2f70_0 .net "C", 31 0, v0x560e7cad4230_0;  alias, 1 drivers
o0x776e9f509a38 .functor BUFZ 32, C4<zzzzzzzzzzzzzzzzzzzzzzzzzzzzzzzz>; HiZ drive
v0x560e7cad3010_0 .net "D", 31 0, o0x776e9f509a38;  0 drivers
v0x560e7cad30d0_0 .var "Y", 31 0;
v0x560e7cad31e0_0 .net "sel", 1 0, v0x560e7cad1fa0_0;  alias, 1 drivers
E_0x560e7ca79500 .event anyedge, v0x560e7cad1fa0_0, v0x560e7cad0ba0_0, v0x560e7cad2eb0_0, v0x560e7ca70ec0_0;
S_0x560e7cad3320 .scope module, "muxB" "mux" 4 69, 8 1 0, S_0x560e7ca7c920;
 .timescale -9 -12;
    .port_info 0 /INPUT 32 "A";
    .port_info 1 /INPUT 32 "B";
    .port_info 2 /INPUT 32 "C";
    .port_info 3 /INPUT 32 "D";
    .port_info 4 /INPUT 2 "sel";
    .port_info 5 /OUTPUT 32 "Y";
v0x560e7cad3610_0 .net "A", 31 0, v0x560e7cad5190_0;  alias, 1 drivers
v0x560e7cad36f0_0 .net "B", 31 0, v0x560e7cad4840_0;  alias, 1 drivers
v0x560e7cad37e0_0 .net "C", 31 0, v0x560e7cad5b80_0;  alias, 1 drivers
o0x776e9f509b88 .functor BUFZ 32, C4<zzzzzzzzzzzzzzzzzzzzzzzzzzzzzzzz>; HiZ drive
v0x560e7cad38b0_0 .net "D", 31 0, o0x776e9f509b88;  0 drivers
v0x560e7cad3970_0 .var "Y", 31 0;
v0x560e7cad3a80_0 .net "sel", 1 0, v0x560e7cad2080_0;  alias, 1 drivers
E_0x560e7ca78de0 .event anyedge, v0x560e7cad2080_0, v0x560e7cad2eb0_0, v0x560e7cad0ba0_0, v0x560e7cad0d90_0;
S_0x560e7cad3bf0 .scope module, "reg_A" "reg_Basic" 4 28, 9 1 0, S_0x560e7ca7c920;
 .timescale -9 -12;
    .port_info 0 /INPUT 1 "clk";
    .port_info 1 /INPUT 32 "in";
    .port_info 2 /INPUT 32 "alu_out";
    .port_info 3 /INPUT 1 "load";
    .port_info 4 /INPUT 1 "wr";
    .port_info 5 /OUTPUT 32 "out";
v0x560e7cad3eb0_0 .net "alu_out", 31 0, v0x560e7ca6f8c0_0;  alias, 1 drivers
v0x560e7cad3fc0_0 .net "clk", 0 0, v0x560e7cad7a30_0;  alias, 1 drivers
v0x560e7cad4090_0 .net "in", 31 0, v0x560e7cad7840_0;  alias, 1 drivers
v0x560e7cad4160_0 .net "load", 0 0, v0x560e7cad1df0_0;  alias, 1 drivers
v0x560e7cad4230_0 .var "out", 31 0;
v0x560e7cad4370_0 .net "wr", 0 0, v0x560e7cad25e0_0;  alias, 1 drivers
E_0x560e7ca79540 .event negedge, v0x560e7cad1cb0_0;
S_0x560e7cad4490 .scope module, "reg_bit" "reg_Shift2" 4 44, 10 1 0, S_0x560e7ca7c920;
 .timescale -9 -12;
    .port_info 0 /INPUT 1 "clk";
    .port_info 1 /INPUT 32 "alu_out";
    .port_info 2 /INPUT 1 "shift";
    .port_info 3 /INPUT 1 "load";
    .port_info 4 /INPUT 1 "wr";
    .port_info 5 /OUTPUT 32 "bit1";
v0x560e7cad4710_0 .net "alu_out", 31 0, v0x560e7ca6f8c0_0;  alias, 1 drivers
v0x560e7cad4840_0 .var "bit1", 31 0;
v0x560e7cad4900_0 .net "clk", 0 0, v0x560e7cad7a30_0;  alias, 1 drivers
v0x560e7cad49f0_0 .net "load", 0 0, v0x560e7cad1df0_0;  alias, 1 drivers
v0x560e7cad4ae0_0 .net "shift", 0 0, v0x560e7cad2200_0;  alias, 1 drivers
v0x560e7cad4bd0_0 .net "wr", 0 0, v0x560e7cad26a0_0;  alias, 1 drivers
S_0x560e7cad4cd0 .scope module, "reg_res" "reg_Shift1" 4 36, 11 1 0, S_0x560e7ca7c920;
 .timescale -9 -12;
    .port_info 0 /INPUT 1 "clk";
    .port_info 1 /INPUT 32 "alu_out";
    .port_info 2 /INPUT 1 "shift";
    .port_info 3 /INPUT 1 "load";
    .port_info 4 /INPUT 1 "wr";
    .port_info 5 /OUTPUT 32 "res";
v0x560e7cad4f50_0 .net "alu_out", 31 0, v0x560e7ca6f8c0_0;  alias, 1 drivers
v0x560e7cad5030_0 .net "clk", 0 0, v0x560e7cad7a30_0;  alias, 1 drivers
v0x560e7cad50f0_0 .net "load", 0 0, v0x560e7cad1df0_0;  alias, 1 drivers
v0x560e7cad5190_0 .var "res", 31 0;
v0x560e7cad5280_0 .net "shift", 0 0, v0x560e7cad22a0_0;  alias, 1 drivers
v0x560e7cad5370_0 .net "wr", 0 0, v0x560e7cad2760_0;  alias, 1 drivers
S_0x560e7cad5470 .scope module, "reg_temp" "reg_Basic" 4 52, 9 1 0, S_0x560e7ca7c920;
 .timescale -9 -12;
    .port_info 0 /INPUT 1 "clk";
    .port_info 1 /INPUT 32 "in";
    .port_info 2 /INPUT 32 "alu_out";
    .port_info 3 /INPUT 1 "load";
    .port_info 4 /INPUT 1 "wr";
    .port_info 5 /OUTPUT 32 "out";
v0x560e7cad56f0_0 .net "alu_out", 31 0, v0x560e7ca6f8c0_0;  alias, 1 drivers
v0x560e7cad5860_0 .net "clk", 0 0, v0x560e7cad7a30_0;  alias, 1 drivers
L_0x776e9f4c0018 .functor BUFT 1, C4<00000000000000000000000000000000>, C4<0>, C4<0>, C4<0>;
v0x560e7cad59b0_0 .net "in", 31 0, L_0x776e9f4c0018;  1 drivers
v0x560e7cad5a50_0 .net "load", 0 0, v0x560e7cad1df0_0;  alias, 1 drivers
v0x560e7cad5b80_0 .var "out", 31 0;
v0x560e7cad5c40_0 .net "wr", 0 0, v0x560e7cad2820_0;  alias, 1 drivers
S_0x560e7cad7440 .scope task, "run_test" "run_test" 3 31, 3 31 0, S_0x560e7ca7a830;
 .timescale -9 -12;
v0x560e7cad7660_0 .var "expected", 31 0;
v0x560e7cad7760_0 .var "value", 31 0;
E_0x560e7ca7bd60 .event anyedge, v0x560e7cad1d50_0;
TD_raiz32_TB.run_test ;
    %wait E_0x560e7ca79540;
    %load/vec4 v0x560e7cad7760_0;
    %store/vec4 v0x560e7cad7840_0, 0, 32;
    %pushi/vec4 1, 0, 1;
    %store/vec4 v0x560e7cad7d00_0, 0, 1;
    %wait E_0x560e7ca79540;
    %pushi/vec4 0, 0, 1;
    %store/vec4 v0x560e7cad7d00_0, 0, 1;
T_0.0 ;
    %load/vec4 v0x560e7cad7ad0_0;
    %cmpi/ne 1, 0, 1;
    %jmp/0xz T_0.1, 6;
    %wait E_0x560e7ca7bd60;
    %jmp T_0.0;
T_0.1 ;
    %wait E_0x560e7ca79540;
    %load/vec4 v0x560e7cad7970_0;
    %load/vec4 v0x560e7cad7660_0;
    %cmp/e;
    %jmp/0xz  T_0.2, 4;
    %vpi_call/w 3 52 "$display", "PASS | A = %d | Result = %d", v0x560e7cad7760_0, v0x560e7cad7970_0 {0 0 0};
    %jmp T_0.3;
T_0.2 ;
    %vpi_call/w 3 54 "$display", "FAIL | A = %d | Result = %d | Expected = %d", v0x560e7cad7760_0, v0x560e7cad7970_0, v0x560e7cad7660_0 {0 0 0};
T_0.3 ;
    %wait E_0x560e7ca79540;
    %end;
    .scope S_0x560e7cad3bf0;
T_1 ;
    %wait E_0x560e7ca79540;
    %load/vec4 v0x560e7cad4160_0;
    %flag_set/vec4 8;
    %jmp/0xz  T_1.0, 8;
    %load/vec4 v0x560e7cad4090_0;
    %assign/vec4 v0x560e7cad4230_0, 0;
    %jmp T_1.1;
T_1.0 ;
    %load/vec4 v0x560e7cad4370_0;
    %flag_set/vec4 8;
    %jmp/0xz  T_1.2, 8;
    %load/vec4 v0x560e7cad3eb0_0;
    %assign/vec4 v0x560e7cad4230_0, 0;
T_1.2 ;
T_1.1 ;
    %jmp T_1;
    .thread T_1;
    .scope S_0x560e7cad4cd0;
T_2 ;
    %wait E_0x560e7ca79540;
    %load/vec4 v0x560e7cad50f0_0;
    %flag_set/vec4 8;
    %jmp/0xz  T_2.0, 8;
    %pushi/vec4 0, 0, 32;
    %assign/vec4 v0x560e7cad5190_0, 0;
    %jmp T_2.1;
T_2.0 ;
    %load/vec4 v0x560e7cad5370_0;
    %flag_set/vec4 8;
    %jmp/0xz  T_2.2, 8;
    %load/vec4 v0x560e7cad4f50_0;
    %assign/vec4 v0x560e7cad5190_0, 0;
    %jmp T_2.3;
T_2.2 ;
    %load/vec4 v0x560e7cad5280_0;
    %flag_set/vec4 8;
    %jmp/0xz  T_2.4, 8;
    %load/vec4 v0x560e7cad5190_0;
    %ix/load 4, 1, 0;
    %flag_set/imm 4, 0;
    %shiftr 4;
    %assign/vec4 v0x560e7cad5190_0, 0;
T_2.4 ;
T_2.3 ;
T_2.1 ;
    %jmp T_2;
    .thread T_2;
    .scope S_0x560e7cad4490;
T_3 ;
    %wait E_0x560e7ca79540;
    %load/vec4 v0x560e7cad49f0_0;
    %flag_set/vec4 8;
    %jmp/0xz  T_3.0, 8;
    %pushi/vec4 1073741824, 0, 32;
    %assign/vec4 v0x560e7cad4840_0, 0;
    %jmp T_3.1;
T_3.0 ;
    %load/vec4 v0x560e7cad4bd0_0;
    %flag_set/vec4 8;
    %jmp/0xz  T_3.2, 8;
    %load/vec4 v0x560e7cad4710_0;
    %assign/vec4 v0x560e7cad4840_0, 0;
    %jmp T_3.3;
T_3.2 ;
    %load/vec4 v0x560e7cad4ae0_0;
    %flag_set/vec4 8;
    %jmp/0xz  T_3.4, 8;
    %load/vec4 v0x560e7cad4840_0;
    %ix/load 4, 2, 0;
    %flag_set/imm 4, 0;
    %shiftr 4;
    %assign/vec4 v0x560e7cad4840_0, 0;
T_3.4 ;
T_3.3 ;
T_3.1 ;
    %jmp T_3;
    .thread T_3;
    .scope S_0x560e7cad5470;
T_4 ;
    %wait E_0x560e7ca79540;
    %load/vec4 v0x560e7cad5a50_0;
    %flag_set/vec4 8;
    %jmp/0xz  T_4.0, 8;
    %load/vec4 v0x560e7cad59b0_0;
    %assign/vec4 v0x560e7cad5b80_0, 0;
    %jmp T_4.1;
T_4.0 ;
    %load/vec4 v0x560e7cad5c40_0;
    %flag_set/vec4 8;
    %jmp/0xz  T_4.2, 8;
    %load/vec4 v0x560e7cad56f0_0;
    %assign/vec4 v0x560e7cad5b80_0, 0;
T_4.2 ;
T_4.1 ;
    %jmp T_4;
    .thread T_4;
    .scope S_0x560e7cad2b80;
T_5 ;
    %wait E_0x560e7ca79500;
    %load/vec4 v0x560e7cad31e0_0;
    %dup/vec4;
    %pushi/vec4 0, 0, 2;
    %cmp/u;
    %jmp/1 T_5.0, 6;
    %dup/vec4;
    %pushi/vec4 1, 0, 2;
    %cmp/u;
    %jmp/1 T_5.1, 6;
    %dup/vec4;
    %pushi/vec4 2, 0, 2;
    %cmp/u;
    %jmp/1 T_5.2, 6;
    %pushi/vec4 0, 0, 32;
    %store/vec4 v0x560e7cad30d0_0, 0, 32;
    %jmp T_5.4;
T_5.0 ;
    %load/vec4 v0x560e7cad2dd0_0;
    %store/vec4 v0x560e7cad30d0_0, 0, 32;
    %jmp T_5.4;
T_5.1 ;
    %load/vec4 v0x560e7cad2eb0_0;
    %store/vec4 v0x560e7cad30d0_0, 0, 32;
    %jmp T_5.4;
T_5.2 ;
    %load/vec4 v0x560e7cad2f70_0;
    %store/vec4 v0x560e7cad30d0_0, 0, 32;
    %jmp T_5.4;
T_5.4 ;
    %pop/vec4 1;
    %jmp T_5;
    .thread T_5, $push;
    .scope S_0x560e7cad3320;
T_6 ;
    %wait E_0x560e7ca78de0;
    %load/vec4 v0x560e7cad3a80_0;
    %dup/vec4;
    %pushi/vec4 0, 0, 2;
    %cmp/u;
    %jmp/1 T_6.0, 6;
    %dup/vec4;
    %pushi/vec4 1, 0, 2;
    %cmp/u;
    %jmp/1 T_6.1, 6;
    %dup/vec4;
    %pushi/vec4 2, 0, 2;
    %cmp/u;
    %jmp/1 T_6.2, 6;
    %pushi/vec4 0, 0, 32;
    %store/vec4 v0x560e7cad3970_0, 0, 32;
    %jmp T_6.4;
T_6.0 ;
    %load/vec4 v0x560e7cad3610_0;
    %store/vec4 v0x560e7cad3970_0, 0, 32;
    %jmp T_6.4;
T_6.1 ;
    %load/vec4 v0x560e7cad36f0_0;
    %store/vec4 v0x560e7cad3970_0, 0, 32;
    %jmp T_6.4;
T_6.2 ;
    %load/vec4 v0x560e7cad37e0_0;
    %store/vec4 v0x560e7cad3970_0, 0, 32;
    %jmp T_6.4;
T_6.4 ;
    %pop/vec4 1;
    %jmp T_6;
    .thread T_6, $push;
    .scope S_0x560e7ca7cb00;
T_7 ;
    %wait E_0x560e7ca7b850;
    %load/vec4 v0x560e7ca6eb70_0;
    %dup/vec4;
    %pushi/vec4 0, 0, 1;
    %cmp/u;
    %jmp/1 T_7.0, 6;
    %dup/vec4;
    %pushi/vec4 1, 0, 1;
    %cmp/u;
    %jmp/1 T_7.1, 6;
    %jmp T_7.2;
T_7.0 ;
    %load/vec4 v0x560e7ca6df90_0;
    %load/vec4 v0x560e7ca6e410_0;
    %add;
    %store/vec4 v0x560e7ca6f8c0_0, 0, 32;
    %jmp T_7.2;
T_7.1 ;
    %load/vec4 v0x560e7ca6df90_0;
    %load/vec4 v0x560e7ca6e410_0;
    %sub;
    %store/vec4 v0x560e7ca6f8c0_0, 0, 32;
    %jmp T_7.2;
T_7.2 ;
    %pop/vec4 1;
    %jmp T_7;
    .thread T_7, $push;
    .scope S_0x560e7cad0ff0;
T_8 ;
    %wait E_0x560e7ca78da0;
    %load/vec4 v0x560e7cad1ee0_0;
    %flag_set/vec4 8;
    %jmp/0xz  T_8.0, 8;
    %pushi/vec4 0, 0, 4;
    %assign/vec4 v0x560e7cad2420_0, 0;
    %jmp T_8.1;
T_8.0 ;
    %load/vec4 v0x560e7cad2420_0;
    %dup/vec4;
    %pushi/vec4 0, 0, 4;
    %cmp/u;
    %jmp/1 T_8.2, 6;
    %dup/vec4;
    %pushi/vec4 1, 0, 4;
    %cmp/u;
    %jmp/1 T_8.3, 6;
    %dup/vec4;
    %pushi/vec4 2, 0, 4;
    %cmp/u;
    %jmp/1 T_8.4, 6;
    %dup/vec4;
    %pushi/vec4 3, 0, 4;
    %cmp/u;
    %jmp/1 T_8.5, 6;
    %dup/vec4;
    %pushi/vec4 4, 0, 4;
    %cmp/u;
    %jmp/1 T_8.6, 6;
    %dup/vec4;
    %pushi/vec4 5, 0, 4;
    %cmp/u;
    %jmp/1 T_8.7, 6;
    %dup/vec4;
    %pushi/vec4 6, 0, 4;
    %cmp/u;
    %jmp/1 T_8.8, 6;
    %dup/vec4;
    %pushi/vec4 10, 0, 4;
    %cmp/u;
    %jmp/1 T_8.9, 6;
    %dup/vec4;
    %pushi/vec4 7, 0, 4;
    %cmp/u;
    %jmp/1 T_8.10, 6;
    %dup/vec4;
    %pushi/vec4 8, 0, 4;
    %cmp/u;
    %jmp/1 T_8.11, 6;
    %dup/vec4;
    %pushi/vec4 9, 0, 4;
    %cmp/u;
    %jmp/1 T_8.12, 6;
    %pushi/vec4 0, 0, 4;
    %assign/vec4 v0x560e7cad2420_0, 0;
    %jmp T_8.14;
T_8.2 ;
    %load/vec4 v0x560e7cad2360_0;
    %flag_set/vec4 8;
    %jmp/0xz  T_8.15, 8;
    %pushi/vec4 1, 0, 4;
    %assign/vec4 v0x560e7cad2420_0, 0;
    %jmp T_8.16;
T_8.15 ;
    %pushi/vec4 0, 0, 4;
    %assign/vec4 v0x560e7cad2420_0, 0;
T_8.16 ;
    %jmp T_8.14;
T_8.3 ;
    %pushi/vec4 2, 0, 4;
    %assign/vec4 v0x560e7cad2420_0, 0;
    %jmp T_8.14;
T_8.4 ;
    %load/vec4 v0x560e7cad1c10_0;
    %flag_set/vec4 8;
    %jmp/0xz  T_8.17, 8;
    %pushi/vec4 3, 0, 4;
    %assign/vec4 v0x560e7cad2420_0, 0;
    %jmp T_8.18;
T_8.17 ;
    %load/vec4 v0x560e7cad28e0_0;
    %nor/r;
    %flag_set/vec4 8;
    %jmp/0xz  T_8.19, 8;
    %pushi/vec4 4, 0, 4;
    %assign/vec4 v0x560e7cad2420_0, 0;
    %jmp T_8.20;
T_8.19 ;
    %pushi/vec4 9, 0, 4;
    %assign/vec4 v0x560e7cad2420_0, 0;
T_8.20 ;
T_8.18 ;
    %jmp T_8.14;
T_8.5 ;
    %load/vec4 v0x560e7cad28e0_0;
    %flag_set/vec4 8;
    %jmp/0xz  T_8.21, 8;
    %pushi/vec4 9, 0, 4;
    %assign/vec4 v0x560e7cad2420_0, 0;
    %jmp T_8.22;
T_8.21 ;
    %pushi/vec4 2, 0, 4;
    %assign/vec4 v0x560e7cad2420_0, 0;
T_8.22 ;
    %jmp T_8.14;
T_8.6 ;
    %pushi/vec4 5, 0, 4;
    %assign/vec4 v0x560e7cad2420_0, 0;
    %jmp T_8.14;
T_8.7 ;
    %load/vec4 v0x560e7cad1b50_0;
    %flag_set/vec4 8;
    %jmp/0xz  T_8.23, 8;
    %pushi/vec4 6, 0, 4;
    %assign/vec4 v0x560e7cad2420_0, 0;
    %jmp T_8.24;
T_8.23 ;
    %pushi/vec4 8, 0, 4;
    %assign/vec4 v0x560e7cad2420_0, 0;
T_8.24 ;
    %jmp T_8.14;
T_8.8 ;
    %pushi/vec4 10, 0, 4;
    %assign/vec4 v0x560e7cad2420_0, 0;
    %jmp T_8.14;
T_8.9 ;
    %pushi/vec4 7, 0, 4;
    %assign/vec4 v0x560e7cad2420_0, 0;
    %jmp T_8.14;
T_8.10 ;
    %pushi/vec4 3, 0, 4;
    %assign/vec4 v0x560e7cad2420_0, 0;
    %jmp T_8.14;
T_8.11 ;
    %pushi/vec4 3, 0, 4;
    %assign/vec4 v0x560e7cad2420_0, 0;
    %jmp T_8.14;
T_8.12 ;
    %pushi/vec4 0, 0, 4;
    %assign/vec4 v0x560e7cad2420_0, 0;
    %jmp T_8.14;
T_8.14 ;
    %pop/vec4 1;
T_8.1 ;
    %jmp T_8;
    .thread T_8;
    .scope S_0x560e7cad0ff0;
T_9 ;
    %wait E_0x560e7ca7bb10;
    %pushi/vec4 0, 0, 1;
    %store/vec4 v0x560e7cad1df0_0, 0, 1;
    %pushi/vec4 0, 0, 1;
    %store/vec4 v0x560e7cad25e0_0, 0, 1;
    %pushi/vec4 0, 0, 1;
    %store/vec4 v0x560e7cad22a0_0, 0, 1;
    %pushi/vec4 0, 0, 1;
    %store/vec4 v0x560e7cad2760_0, 0, 1;
    %pushi/vec4 0, 0, 1;
    %store/vec4 v0x560e7cad2200_0, 0, 1;
    %pushi/vec4 0, 0, 1;
    %store/vec4 v0x560e7cad26a0_0, 0, 1;
    %pushi/vec4 0, 0, 1;
    %store/vec4 v0x560e7cad2820_0, 0, 1;
    %pushi/vec4 0, 0, 2;
    %store/vec4 v0x560e7cad1fa0_0, 0, 2;
    %pushi/vec4 0, 0, 2;
    %store/vec4 v0x560e7cad2080_0, 0, 2;
    %pushi/vec4 0, 0, 1;
    %store/vec4 v0x560e7cad2160_0, 0, 1;
    %pushi/vec4 0, 0, 1;
    %store/vec4 v0x560e7cad1d50_0, 0, 1;
    %load/vec4 v0x560e7cad2420_0;
    %dup/vec4;
    %pushi/vec4 1, 0, 4;
    %cmp/u;
    %jmp/1 T_9.0, 6;
    %dup/vec4;
    %pushi/vec4 3, 0, 4;
    %cmp/u;
    %jmp/1 T_9.1, 6;
    %dup/vec4;
    %pushi/vec4 4, 0, 4;
    %cmp/u;
    %jmp/1 T_9.2, 6;
    %dup/vec4;
    %pushi/vec4 6, 0, 4;
    %cmp/u;
    %jmp/1 T_9.3, 6;
    %dup/vec4;
    %pushi/vec4 10, 0, 4;
    %cmp/u;
    %jmp/1 T_9.4, 6;
    %dup/vec4;
    %pushi/vec4 7, 0, 4;
    %cmp/u;
    %jmp/1 T_9.5, 6;
    %dup/vec4;
    %pushi/vec4 8, 0, 4;
    %cmp/u;
    %jmp/1 T_9.6, 6;
    %dup/vec4;
    %pushi/vec4 9, 0, 4;
    %cmp/u;
    %jmp/1 T_9.7, 6;
    %pushi/vec4 0, 0, 1;
    %store/vec4 v0x560e7cad1df0_0, 0, 1;
    %pushi/vec4 0, 0, 1;
    %store/vec4 v0x560e7cad25e0_0, 0, 1;
    %pushi/vec4 0, 0, 1;
    %store/vec4 v0x560e7cad22a0_0, 0, 1;
    %pushi/vec4 0, 0, 1;
    %store/vec4 v0x560e7cad2760_0, 0, 1;
    %pushi/vec4 0, 0, 1;
    %store/vec4 v0x560e7cad2200_0, 0, 1;
    %pushi/vec4 0, 0, 1;
    %store/vec4 v0x560e7cad26a0_0, 0, 1;
    %pushi/vec4 0, 0, 1;
    %store/vec4 v0x560e7cad2820_0, 0, 1;
    %pushi/vec4 0, 0, 2;
    %store/vec4 v0x560e7cad1fa0_0, 0, 2;
    %pushi/vec4 0, 0, 2;
    %store/vec4 v0x560e7cad2080_0, 0, 2;
    %pushi/vec4 0, 0, 1;
    %store/vec4 v0x560e7cad2160_0, 0, 1;
    %pushi/vec4 0, 0, 1;
    %store/vec4 v0x560e7cad1d50_0, 0, 1;
    %jmp T_9.9;
T_9.0 ;
    %pushi/vec4 1, 0, 1;
    %store/vec4 v0x560e7cad1df0_0, 0, 1;
    %jmp T_9.9;
T_9.1 ;
    %pushi/vec4 1, 0, 1;
    %store/vec4 v0x560e7cad2200_0, 0, 1;
    %jmp T_9.9;
T_9.2 ;
    %pushi/vec4 1, 0, 1;
    %store/vec4 v0x560e7cad2820_0, 0, 1;
    %pushi/vec4 1, 0, 2;
    %store/vec4 v0x560e7cad1fa0_0, 0, 2;
    %pushi/vec4 1, 0, 2;
    %store/vec4 v0x560e7cad2080_0, 0, 2;
    %pushi/vec4 0, 0, 1;
    %store/vec4 v0x560e7cad2160_0, 0, 1;
    %jmp T_9.9;
T_9.3 ;
    %pushi/vec4 1, 0, 1;
    %store/vec4 v0x560e7cad25e0_0, 0, 1;
    %pushi/vec4 2, 0, 2;
    %store/vec4 v0x560e7cad1fa0_0, 0, 2;
    %pushi/vec4 2, 0, 2;
    %store/vec4 v0x560e7cad2080_0, 0, 2;
    %pushi/vec4 1, 0, 1;
    %store/vec4 v0x560e7cad2160_0, 0, 1;
    %jmp T_9.9;
T_9.4 ;
    %pushi/vec4 1, 0, 1;
    %store/vec4 v0x560e7cad22a0_0, 0, 1;
    %jmp T_9.9;
T_9.5 ;
    %pushi/vec4 1, 0, 1;
    %store/vec4 v0x560e7cad2760_0, 0, 1;
    %pushi/vec4 1, 0, 2;
    %store/vec4 v0x560e7cad1fa0_0, 0, 2;
    %pushi/vec4 1, 0, 2;
    %store/vec4 v0x560e7cad2080_0, 0, 2;
    %pushi/vec4 0, 0, 1;
    %store/vec4 v0x560e7cad2160_0, 0, 1;
    %jmp T_9.9;
T_9.6 ;
    %pushi/vec4 1, 0, 1;
    %store/vec4 v0x560e7cad22a0_0, 0, 1;
    %jmp T_9.9;
T_9.7 ;
    %pushi/vec4 1, 0, 1;
    %store/vec4 v0x560e7cad1d50_0, 0, 1;
    %jmp T_9.9;
T_9.9 ;
    %pop/vec4 1;
    %jmp T_9;
    .thread T_9, $push;
    .scope S_0x560e7cad0ff0;
T_10 ;
    %wait E_0x560e7ca7bb10;
    %load/vec4 v0x560e7cad2420_0;
    %dup/vec4;
    %pushi/vec4 0, 0, 4;
    %cmp/u;
    %jmp/1 T_10.0, 6;
    %dup/vec4;
    %pushi/vec4 1, 0, 4;
    %cmp/u;
    %jmp/1 T_10.1, 6;
    %dup/vec4;
    %pushi/vec4 2, 0, 4;
    %cmp/u;
    %jmp/1 T_10.2, 6;
    %dup/vec4;
    %pushi/vec4 3, 0, 4;
    %cmp/u;
    %jmp/1 T_10.3, 6;
    %dup/vec4;
    %pushi/vec4 4, 0, 4;
    %cmp/u;
    %jmp/1 T_10.4, 6;
    %dup/vec4;
    %pushi/vec4 5, 0, 4;
    %cmp/u;
    %jmp/1 T_10.5, 6;
    %dup/vec4;
    %pushi/vec4 6, 0, 4;
    %cmp/u;
    %jmp/1 T_10.6, 6;
    %dup/vec4;
    %pushi/vec4 10, 0, 4;
    %cmp/u;
    %jmp/1 T_10.7, 6;
    %dup/vec4;
    %pushi/vec4 7, 0, 4;
    %cmp/u;
    %jmp/1 T_10.8, 6;
    %dup/vec4;
    %pushi/vec4 8, 0, 4;
    %cmp/u;
    %jmp/1 T_10.9, 6;
    %dup/vec4;
    %pushi/vec4 9, 0, 4;
    %cmp/u;
    %jmp/1 T_10.10, 6;
    %pushi/vec4 0, 0, 32; draw_string_vec4
    %pushi/vec4 0, 0, 32; draw_string_vec4
    %concat/vec4; draw_string_vec4
    %pushi/vec4 0, 0, 32; draw_string_vec4
    %concat/vec4; draw_string_vec4
    %pushi/vec4 0, 0, 32; draw_string_vec4
    %concat/vec4; draw_string_vec4
    %pushi/vec4 0, 0, 32; draw_string_vec4
    %concat/vec4; draw_string_vec4
    %pushi/vec4 0, 0, 32; draw_string_vec4
    %concat/vec4; draw_string_vec4
    %pushi/vec4 0, 0, 32; draw_string_vec4
    %concat/vec4; draw_string_vec4
    %pushi/vec4 0, 0, 32; draw_string_vec4
    %concat/vec4; draw_string_vec4
    %pushi/vec4 5590603, 0, 32; draw_string_vec4
    %concat/vec4; draw_string_vec4
    %pushi/vec4 1313822542, 0, 32; draw_string_vec4
    %concat/vec4; draw_string_vec4
    %store/vec4 v0x560e7cad2500_0, 0, 320;
    %jmp T_10.12;
T_10.0 ;
    %pushi/vec4 0, 0, 32; draw_string_vec4
    %pushi/vec4 0, 0, 32; draw_string_vec4
    %concat/vec4; draw_string_vec4
    %pushi/vec4 0, 0, 32; draw_string_vec4
    %concat/vec4; draw_string_vec4
    %pushi/vec4 0, 0, 32; draw_string_vec4
    %concat/vec4; draw_string_vec4
    %pushi/vec4 0, 0, 32; draw_string_vec4
    %concat/vec4; draw_string_vec4
    %pushi/vec4 0, 0, 32; draw_string_vec4
    %concat/vec4; draw_string_vec4
    %pushi/vec4 0, 0, 32; draw_string_vec4
    %concat/vec4; draw_string_vec4
    %pushi/vec4 0, 0, 32; draw_string_vec4
    %concat/vec4; draw_string_vec4
    %pushi/vec4 18766, 0, 32; draw_string_vec4
    %concat/vec4; draw_string_vec4
    %pushi/vec4 1230266160, 0, 32; draw_string_vec4
    %concat/vec4; draw_string_vec4
    %store/vec4 v0x560e7cad2500_0, 0, 320;
    %jmp T_10.12;
T_10.1 ;
    %pushi/vec4 0, 0, 32; draw_string_vec4
    %pushi/vec4 0, 0, 32; draw_string_vec4
    %concat/vec4; draw_string_vec4
    %pushi/vec4 0, 0, 32; draw_string_vec4
    %concat/vec4; draw_string_vec4
    %pushi/vec4 0, 0, 32; draw_string_vec4
    %concat/vec4; draw_string_vec4
    %pushi/vec4 0, 0, 32; draw_string_vec4
    %concat/vec4; draw_string_vec4
    %pushi/vec4 0, 0, 32; draw_string_vec4
    %concat/vec4; draw_string_vec4
    %pushi/vec4 0, 0, 32; draw_string_vec4
    %concat/vec4; draw_string_vec4
    %pushi/vec4 0, 0, 32; draw_string_vec4
    %concat/vec4; draw_string_vec4
    %pushi/vec4 0, 0, 32; draw_string_vec4
    %concat/vec4; draw_string_vec4
    %pushi/vec4 1229867348, 0, 32; draw_string_vec4
    %concat/vec4; draw_string_vec4
    %store/vec4 v0x560e7cad2500_0, 0, 320;
    %jmp T_10.12;
T_10.2 ;
    %pushi/vec4 0, 0, 32; draw_string_vec4
    %pushi/vec4 0, 0, 32; draw_string_vec4
    %concat/vec4; draw_string_vec4
    %pushi/vec4 0, 0, 32; draw_string_vec4
    %concat/vec4; draw_string_vec4
    %pushi/vec4 0, 0, 32; draw_string_vec4
    %concat/vec4; draw_string_vec4
    %pushi/vec4 0, 0, 32; draw_string_vec4
    %concat/vec4; draw_string_vec4
    %pushi/vec4 0, 0, 32; draw_string_vec4
    %concat/vec4; draw_string_vec4
    %pushi/vec4 0, 0, 32; draw_string_vec4
    %concat/vec4; draw_string_vec4
    %pushi/vec4 67, 0, 32; draw_string_vec4
    %concat/vec4; draw_string_vec4
    %pushi/vec4 1212498763, 0, 32; draw_string_vec4
    %concat/vec4; draw_string_vec4
    %pushi/vec4 1598179668, 0, 32; draw_string_vec4
    %concat/vec4; draw_string_vec4
    %store/vec4 v0x560e7cad2500_0, 0, 320;
    %jmp T_10.12;
T_10.3 ;
    %pushi/vec4 0, 0, 32; draw_string_vec4
    %pushi/vec4 0, 0, 32; draw_string_vec4
    %concat/vec4; draw_string_vec4
    %pushi/vec4 0, 0, 32; draw_string_vec4
    %concat/vec4; draw_string_vec4
    %pushi/vec4 0, 0, 32; draw_string_vec4
    %concat/vec4; draw_string_vec4
    %pushi/vec4 0, 0, 32; draw_string_vec4
    %concat/vec4; draw_string_vec4
    %pushi/vec4 0, 0, 32; draw_string_vec4
    %concat/vec4; draw_string_vec4
    %pushi/vec4 0, 0, 32; draw_string_vec4
    %concat/vec4; draw_string_vec4
    %pushi/vec4 83, 0, 32; draw_string_vec4
    %concat/vec4; draw_string_vec4
    %pushi/vec4 1212761684, 0, 32; draw_string_vec4
    %concat/vec4; draw_string_vec4
    %pushi/vec4 1598179668, 0, 32; draw_string_vec4
    %concat/vec4; draw_string_vec4
    %store/vec4 v0x560e7cad2500_0, 0, 320;
    %jmp T_10.12;
T_10.4 ;
    %pushi/vec4 0, 0, 32; draw_string_vec4
    %pushi/vec4 0, 0, 32; draw_string_vec4
    %concat/vec4; draw_string_vec4
    %pushi/vec4 0, 0, 32; draw_string_vec4
    %concat/vec4; draw_string_vec4
    %pushi/vec4 0, 0, 32; draw_string_vec4
    %concat/vec4; draw_string_vec4
    %pushi/vec4 0, 0, 32; draw_string_vec4
    %concat/vec4; draw_string_vec4
    %pushi/vec4 0, 0, 32; draw_string_vec4
    %concat/vec4; draw_string_vec4
    %pushi/vec4 0, 0, 32; draw_string_vec4
    %concat/vec4; draw_string_vec4
    %pushi/vec4 4281171, 0, 32; draw_string_vec4
    %concat/vec4; draw_string_vec4
    %pushi/vec4 1229409887, 0, 32; draw_string_vec4
    %concat/vec4; draw_string_vec4
    %pushi/vec4 1413827920, 0, 32; draw_string_vec4
    %concat/vec4; draw_string_vec4
    %store/vec4 v0x560e7cad2500_0, 0, 320;
    %jmp T_10.12;
T_10.5 ;
    %pushi/vec4 0, 0, 32; draw_string_vec4
    %pushi/vec4 0, 0, 32; draw_string_vec4
    %concat/vec4; draw_string_vec4
    %pushi/vec4 0, 0, 32; draw_string_vec4
    %concat/vec4; draw_string_vec4
    %pushi/vec4 0, 0, 32; draw_string_vec4
    %concat/vec4; draw_string_vec4
    %pushi/vec4 0, 0, 32; draw_string_vec4
    %concat/vec4; draw_string_vec4
    %pushi/vec4 0, 0, 32; draw_string_vec4
    %concat/vec4; draw_string_vec4
    %pushi/vec4 0, 0, 32; draw_string_vec4
    %concat/vec4; draw_string_vec4
    %pushi/vec4 0, 0, 32; draw_string_vec4
    %concat/vec4; draw_string_vec4
    %pushi/vec4 4409413, 0, 32; draw_string_vec4
    %concat/vec4; draw_string_vec4
    %pushi/vec4 1129013057, 0, 32; draw_string_vec4
    %concat/vec4; draw_string_vec4
    %store/vec4 v0x560e7cad2500_0, 0, 320;
    %jmp T_10.12;
T_10.6 ;
    %pushi/vec4 0, 0, 32; draw_string_vec4
    %pushi/vec4 0, 0, 32; draw_string_vec4
    %concat/vec4; draw_string_vec4
    %pushi/vec4 0, 0, 32; draw_string_vec4
    %concat/vec4; draw_string_vec4
    %pushi/vec4 0, 0, 32; draw_string_vec4
    %concat/vec4; draw_string_vec4
    %pushi/vec4 0, 0, 32; draw_string_vec4
    %concat/vec4; draw_string_vec4
    %pushi/vec4 0, 0, 32; draw_string_vec4
    %concat/vec4; draw_string_vec4
    %pushi/vec4 0, 0, 32; draw_string_vec4
    %concat/vec4; draw_string_vec4
    %pushi/vec4 0, 0, 32; draw_string_vec4
    %concat/vec4; draw_string_vec4
    %pushi/vec4 1095979849, 0, 32; draw_string_vec4
    %concat/vec4; draw_string_vec4
    %pushi/vec4 1196318529, 0, 32; draw_string_vec4
    %concat/vec4; draw_string_vec4
    %store/vec4 v0x560e7cad2500_0, 0, 320;
    %jmp T_10.12;
T_10.7 ;
    %pushi/vec4 0, 0, 32; draw_string_vec4
    %pushi/vec4 0, 0, 32; draw_string_vec4
    %concat/vec4; draw_string_vec4
    %pushi/vec4 0, 0, 32; draw_string_vec4
    %concat/vec4; draw_string_vec4
    %pushi/vec4 0, 0, 32; draw_string_vec4
    %concat/vec4; draw_string_vec4
    %pushi/vec4 0, 0, 32; draw_string_vec4
    %concat/vec4; draw_string_vec4
    %pushi/vec4 0, 0, 32; draw_string_vec4
    %concat/vec4; draw_string_vec4
    %pushi/vec4 83, 0, 32; draw_string_vec4
    %concat/vec4; draw_string_vec4
    %pushi/vec4 1212761684, 0, 32; draw_string_vec4
    %concat/vec4; draw_string_vec4
    %pushi/vec4 1599227219, 0, 32; draw_string_vec4
    %concat/vec4; draw_string_vec4
    %pushi/vec4 1598112836, 0, 32; draw_string_vec4
    %concat/vec4; draw_string_vec4
    %store/vec4 v0x560e7cad2500_0, 0, 320;
    %jmp T_10.12;
T_10.8 ;
    %pushi/vec4 0, 0, 32; draw_string_vec4
    %pushi/vec4 0, 0, 32; draw_string_vec4
    %concat/vec4; draw_string_vec4
    %pushi/vec4 0, 0, 32; draw_string_vec4
    %concat/vec4; draw_string_vec4
    %pushi/vec4 0, 0, 32; draw_string_vec4
    %concat/vec4; draw_string_vec4
    %pushi/vec4 0, 0, 32; draw_string_vec4
    %concat/vec4; draw_string_vec4
    %pushi/vec4 0, 0, 32; draw_string_vec4
    %concat/vec4; draw_string_vec4
    %pushi/vec4 0, 0, 32; draw_string_vec4
    %concat/vec4; draw_string_vec4
    %pushi/vec4 16723, 0, 32; draw_string_vec4
    %concat/vec4; draw_string_vec4
    %pushi/vec4 1397311310, 0, 32; draw_string_vec4
    %concat/vec4; draw_string_vec4
    %pushi/vec4 1599227219, 0, 32; draw_string_vec4
    %concat/vec4; draw_string_vec4
    %store/vec4 v0x560e7cad2500_0, 0, 320;
    %jmp T_10.12;
T_10.9 ;
    %pushi/vec4 0, 0, 32; draw_string_vec4
    %pushi/vec4 0, 0, 32; draw_string_vec4
    %concat/vec4; draw_string_vec4
    %pushi/vec4 0, 0, 32; draw_string_vec4
    %concat/vec4; draw_string_vec4
    %pushi/vec4 0, 0, 32; draw_string_vec4
    %concat/vec4; draw_string_vec4
    %pushi/vec4 0, 0, 32; draw_string_vec4
    %concat/vec4; draw_string_vec4
    %pushi/vec4 0, 0, 32; draw_string_vec4
    %concat/vec4; draw_string_vec4
    %pushi/vec4 21320, 0, 32; draw_string_vec4
    %concat/vec4; draw_string_vec4
    %pushi/vec4 1229345887, 0, 32; draw_string_vec4
    %concat/vec4; draw_string_vec4
    %pushi/vec4 1380275039, 0, 32; draw_string_vec4
    %concat/vec4; draw_string_vec4
    %pushi/vec4 1330531417, 0, 32; draw_string_vec4
    %concat/vec4; draw_string_vec4
    %store/vec4 v0x560e7cad2500_0, 0, 320;
    %jmp T_10.12;
T_10.10 ;
    %pushi/vec4 0, 0, 32; draw_string_vec4
    %pushi/vec4 0, 0, 32; draw_string_vec4
    %concat/vec4; draw_string_vec4
    %pushi/vec4 0, 0, 32; draw_string_vec4
    %concat/vec4; draw_string_vec4
    %pushi/vec4 0, 0, 32; draw_string_vec4
    %concat/vec4; draw_string_vec4
    %pushi/vec4 0, 0, 32; draw_string_vec4
    %concat/vec4; draw_string_vec4
    %pushi/vec4 0, 0, 32; draw_string_vec4
    %concat/vec4; draw_string_vec4
    %pushi/vec4 0, 0, 32; draw_string_vec4
    %concat/vec4; draw_string_vec4
    %pushi/vec4 69, 0, 32; draw_string_vec4
    %concat/vec4; draw_string_vec4
    %pushi/vec4 1313103699, 0, 32; draw_string_vec4
    %concat/vec4; draw_string_vec4
    %pushi/vec4 1413567557, 0, 32; draw_string_vec4
    %concat/vec4; draw_string_vec4
    %store/vec4 v0x560e7cad2500_0, 0, 320;
    %jmp T_10.12;
T_10.12 ;
    %pop/vec4 1;
    %jmp T_10;
    .thread T_10, $push;
    .scope S_0x560e7ca7a830;
T_11 ;
    %pushi/vec4 0, 0, 1;
    %store/vec4 v0x560e7cad7a30_0, 0, 1;
    %end;
    .thread T_11;
    .scope S_0x560e7ca7a830;
T_12 ;
    %delay 10000, 0;
    %load/vec4 v0x560e7cad7a30_0;
    %inv;
    %store/vec4 v0x560e7cad7a30_0, 0, 1;
    %jmp T_12;
    .thread T_12;
    .scope S_0x560e7ca7a830;
T_13 ;
    %pushi/vec4 0, 0, 1;
    %store/vec4 v0x560e7cad7bc0_0, 0, 1;
    %pushi/vec4 0, 0, 1;
    %store/vec4 v0x560e7cad7d00_0, 0, 1;
    %pushi/vec4 0, 0, 32;
    %store/vec4 v0x560e7cad7840_0, 0, 32;
    %wait E_0x560e7ca79540;
    %pushi/vec4 1, 0, 1;
    %store/vec4 v0x560e7cad7bc0_0, 0, 1;
    %wait E_0x560e7ca79540;
    %pushi/vec4 0, 0, 1;
    %store/vec4 v0x560e7cad7bc0_0, 0, 1;
    %pushi/vec4 0, 0, 32;
    %store/vec4 v0x560e7cad7760_0, 0, 32;
    %pushi/vec4 0, 0, 32;
    %store/vec4 v0x560e7cad7660_0, 0, 32;
    %fork TD_raiz32_TB.run_test, S_0x560e7cad7440;
    %join;
    %pushi/vec4 1, 0, 32;
    %store/vec4 v0x560e7cad7760_0, 0, 32;
    %pushi/vec4 1, 0, 32;
    %store/vec4 v0x560e7cad7660_0, 0, 32;
    %fork TD_raiz32_TB.run_test, S_0x560e7cad7440;
    %join;
    %pushi/vec4 4, 0, 32;
    %store/vec4 v0x560e7cad7760_0, 0, 32;
    %pushi/vec4 2, 0, 32;
    %store/vec4 v0x560e7cad7660_0, 0, 32;
    %fork TD_raiz32_TB.run_test, S_0x560e7cad7440;
    %join;
    %pushi/vec4 9, 0, 32;
    %store/vec4 v0x560e7cad7760_0, 0, 32;
    %pushi/vec4 3, 0, 32;
    %store/vec4 v0x560e7cad7660_0, 0, 32;
    %fork TD_raiz32_TB.run_test, S_0x560e7cad7440;
    %join;
    %pushi/vec4 16, 0, 32;
    %store/vec4 v0x560e7cad7760_0, 0, 32;
    %pushi/vec4 4, 0, 32;
    %store/vec4 v0x560e7cad7660_0, 0, 32;
    %fork TD_raiz32_TB.run_test, S_0x560e7cad7440;
    %join;
    %pushi/vec4 25, 0, 32;
    %store/vec4 v0x560e7cad7760_0, 0, 32;
    %pushi/vec4 5, 0, 32;
    %store/vec4 v0x560e7cad7660_0, 0, 32;
    %fork TD_raiz32_TB.run_test, S_0x560e7cad7440;
    %join;
    %pushi/vec4 36, 0, 32;
    %store/vec4 v0x560e7cad7760_0, 0, 32;
    %pushi/vec4 6, 0, 32;
    %store/vec4 v0x560e7cad7660_0, 0, 32;
    %fork TD_raiz32_TB.run_test, S_0x560e7cad7440;
    %join;
    %pushi/vec4 1024, 0, 32;
    %store/vec4 v0x560e7cad7760_0, 0, 32;
    %pushi/vec4 32, 0, 32;
    %store/vec4 v0x560e7cad7660_0, 0, 32;
    %fork TD_raiz32_TB.run_test, S_0x560e7cad7440;
    %join;
    %delay 100000, 0;
    %vpi_call/w 3 88 "$finish" {0 0 0};
    %end;
    .thread T_13;
    .scope S_0x560e7ca7a830;
T_14 ;
    %vpi_call/w 3 94 "$dumpfile", "raiz32_TB.vcd" {0 0 0};
    %vpi_call/w 3 95 "$dumpvars", 32'sb00000000000000000000000000000000, S_0x560e7ca7a830 {0 0 0};
    %end;
    .thread T_14;
# The file index is used to find the file name in the following table.
:file_names 12;
    "N/A";
    "<interactive>";
    "-";
    "raiz32_TB.v";
    "raiz32.v";
    "alu.v";
    "comp.v";
    "control_raiz.v";
    "mux.v";
    "reg_Basic.v";
    "reg_Shift2.v";
    "reg_Shift1.v";
