#! /usr/bin/vvp
:ivl_version "12.0 (stable)";
:ivl_delay_selection "TYPICAL";
:vpi_time_precision - 12;
:vpi_module "/usr/lib/x86_64-linux-gnu/ivl/system.vpi";
:vpi_module "/usr/lib/x86_64-linux-gnu/ivl/vhdl_sys.vpi";
:vpi_module "/usr/lib/x86_64-linux-gnu/ivl/vhdl_textio.vpi";
:vpi_module "/usr/lib/x86_64-linux-gnu/ivl/v2005_math.vpi";
:vpi_module "/usr/lib/x86_64-linux-gnu/ivl/va_math.vpi";
:vpi_module "/usr/lib/x86_64-linux-gnu/ivl/v2009.vpi";
S_0x5665731e6a80 .scope package, "$unit" "$unit" 2 1;
 .timescale 0 0;
S_0x5665731e6c10 .scope module, "divisor_TB" "divisor_TB" 3 3;
 .timescale -9 -12;
v0x566573227170_0 .var "A", 15 0;
v0x5665732272a0_0 .var "B", 15 0;
v0x5665732273b0_0 .net "Result", 15 0, v0x566573225830_0;  1 drivers
v0x5665732274a0_0 .var "clk", 0 0;
v0x566573227540_0 .net "done", 0 0, v0x566573224660_0;  1 drivers
v0x566573227630_0 .var "rst", 0 0;
v0x566573227720_0 .var "start", 0 0;
E_0x5665731e78f0 .event anyedge, v0x566573224660_0;
S_0x5665731e8d40 .scope module, "uut" "divisor" 3 19, 4 1 0, S_0x5665731e6c10;
 .timescale -9 -12;
    .port_info 0 /INPUT 1 "clk";
    .port_info 1 /INPUT 1 "rst";
    .port_info 2 /INPUT 1 "start";
    .port_info 3 /INPUT 16 "A";
    .port_info 4 /INPUT 16 "B";
    .port_info 5 /OUTPUT 16 "Result";
    .port_info 6 /OUTPUT 1 "done";
v0x566573226260_0 .net "A", 15 0, v0x566573227170_0;  1 drivers
v0x566573226340_0 .net "B", 15 0, v0x5665732272a0_0;  1 drivers
v0x5665732263e0_0 .net "MSB_A", 0 0, v0x566573226030_0;  1 drivers
v0x566573226500_0 .net "Reg_A", 15 0, v0x566573225230_0;  1 drivers
v0x5665732265f0_0 .net "Result", 15 0, v0x566573225830_0;  alias, 1 drivers
v0x5665732266e0_0 .net "Result_resta", 15 0, v0x566573225e10_0;  1 drivers
v0x5665732267d0_0 .net "c", 4 0, v0x566573202ac0_0;  1 drivers
v0x5665732268e0_0 .net "clk", 0 0, v0x5665732274a0_0;  1 drivers
v0x566573226980_0 .net "dec", 0 0, v0x5665732245c0_0;  1 drivers
v0x566573226ab0_0 .net "done", 0 0, v0x566573224660_0;  alias, 1 drivers
v0x566573226b50_0 .net "lsb_DV", 0 0, v0x566573224750_0;  1 drivers
v0x566573226c40_0 .net "r_A", 0 0, v0x5665732247f0_0;  1 drivers
v0x566573226d30_0 .net "reset", 0 0, v0x5665732248b0_0;  1 drivers
v0x566573226dd0_0 .net "rst", 0 0, v0x566573227630_0;  1 drivers
v0x566573226e70_0 .net "shift", 0 0, v0x5665732249f0_0;  1 drivers
v0x566573226f60_0 .net "start", 0 0, v0x566573227720_0;  1 drivers
v0x566573227000_0 .net "z", 0 0, L_0x566573237930;  1 drivers
S_0x5665731e8f80 .scope module, "check" "check_c" 4 50, 5 1 0, S_0x5665731e8d40;
 .timescale -9 -12;
    .port_info 0 /INPUT 5 "c";
    .port_info 1 /OUTPUT 1 "z";
v0x566573200130_0 .net *"_ivl_0", 31 0, L_0x566573227810;  1 drivers
L_0x7c71dea91018 .functor BUFT 1, C4<000000000000000000000000000>, C4<0>, C4<0>, C4<0>;
v0x566573200460_0 .net *"_ivl_3", 26 0, L_0x7c71dea91018;  1 drivers
L_0x7c71dea91060 .functor BUFT 1, C4<00000000000000000000000000000000>, C4<0>, C4<0>, C4<0>;
v0x566573200840_0 .net/2u *"_ivl_4", 31 0, L_0x7c71dea91060;  1 drivers
v0x566573202360_0 .net "c", 4 0, v0x566573202ac0_0;  alias, 1 drivers
v0x566573202780_0 .net "z", 0 0, L_0x566573237930;  alias, 1 drivers
L_0x566573227810 .concat [ 5 27 0 0], v0x566573202ac0_0, L_0x7c71dea91018;
L_0x566573237930 .cmp/eq 32, L_0x566573227810, L_0x7c71dea91060;
S_0x566573223b90 .scope module, "count" "contador" 4 43, 6 1 0, S_0x5665731e8d40;
 .timescale -9 -12;
    .port_info 0 /INPUT 1 "clk";
    .port_info 1 /INPUT 1 "reset";
    .port_info 2 /INPUT 1 "dec";
    .port_info 3 /OUTPUT 5 "c";
v0x566573202ac0_0 .var "c", 4 0;
v0x566573202e70_0 .net "clk", 0 0, v0x5665732274a0_0;  alias, 1 drivers
v0x5665732046f0_0 .net "dec", 0 0, v0x5665732245c0_0;  alias, 1 drivers
v0x566573204b10_0 .net "reset", 0 0, v0x5665732248b0_0;  alias, 1 drivers
E_0x5665731e7280 .event negedge, v0x566573202e70_0;
S_0x566573223e70 .scope module, "ctrl" "div_control" 4 57, 7 1 0, S_0x5665731e8d40;
 .timescale -9 -12;
    .port_info 0 /INPUT 1 "clk";
    .port_info 1 /INPUT 1 "rst";
    .port_info 2 /INPUT 1 "start";
    .port_info 3 /INPUT 1 "MSB_A";
    .port_info 4 /INPUT 1 "z";
    .port_info 5 /OUTPUT 1 "reset";
    .port_info 6 /OUTPUT 1 "shift";
    .port_info 7 /OUTPUT 1 "dec";
    .port_info 8 /OUTPUT 1 "lsb_DV";
    .port_info 9 /OUTPUT 1 "r_A";
    .port_info 10 /OUTPUT 1 "done";
P_0x566573224050 .param/l "ASSIGN_DV" 0 7 21, C4<011>;
P_0x566573224090 .param/l "CHECK_C" 0 7 22, C4<100>;
P_0x5665732240d0 .param/l "CHECK_MSB" 0 7 20, C4<010>;
P_0x566573224110 .param/l "DONE_STATE" 0 7 23, C4<101>;
P_0x566573224150 .param/l "INIT" 0 7 18, C4<000>;
P_0x566573224190 .param/l "SHIFT_DV" 0 7 19, C4<001>;
v0x566573204e50_0 .net "MSB_A", 0 0, v0x566573226030_0;  alias, 1 drivers
v0x5665731ce260_0 .net "clk", 0 0, v0x5665732274a0_0;  alias, 1 drivers
v0x566573224520_0 .var "count", 5 0;
v0x5665732245c0_0 .var "dec", 0 0;
v0x566573224660_0 .var "done", 0 0;
v0x566573224750_0 .var "lsb_DV", 0 0;
v0x5665732247f0_0 .var "r_A", 0 0;
v0x5665732248b0_0 .var "reset", 0 0;
v0x566573224950_0 .net "rst", 0 0, v0x566573227630_0;  alias, 1 drivers
v0x5665732249f0_0 .var "shift", 0 0;
v0x566573224ab0_0 .net "start", 0 0, v0x566573227720_0;  alias, 1 drivers
v0x566573224b70_0 .var "state", 2 0;
v0x566573224c50_0 .var "state_name", 320 1;
v0x566573224d30_0 .net "z", 0 0, L_0x566573237930;  alias, 1 drivers
E_0x5665731e7930 .event anyedge, v0x566573224b70_0;
E_0x5665731e70d0 .event posedge, v0x566573202e70_0;
S_0x566573224f70 .scope module, "left_shift" "left_shift_register" 4 21, 8 1 0, S_0x5665731e8d40;
 .timescale -9 -12;
    .port_info 0 /INPUT 1 "clk";
    .port_info 1 /INPUT 1 "reset";
    .port_info 2 /INPUT 1 "shift";
    .port_info 3 /INPUT 1 "r_A";
    .port_info 4 /INPUT 1 "lsb_dv";
    .port_info 5 /INPUT 16 "DV_in";
    .port_info 6 /INPUT 16 "A_in";
    .port_info 7 /OUTPUT 16 "A";
    .port_info 8 /OUTPUT 16 "r_out";
v0x566573225230_0 .var "A", 15 0;
v0x566573225330_0 .net "A_in", 15 0, v0x566573225e10_0;  alias, 1 drivers
v0x566573225410_0 .var "DV", 15 0;
v0x5665732254d0_0 .net "DV_in", 15 0, v0x566573227170_0;  alias, 1 drivers
v0x5665732255b0_0 .net "clk", 0 0, v0x5665732274a0_0;  alias, 1 drivers
v0x5665732256f0_0 .net "lsb_dv", 0 0, v0x566573224750_0;  alias, 1 drivers
v0x566573225790_0 .net "r_A", 0 0, v0x5665732247f0_0;  alias, 1 drivers
v0x566573225830_0 .var "r_out", 15 0;
v0x5665732258d0_0 .net "reset", 0 0, v0x5665732248b0_0;  alias, 1 drivers
v0x566573225a00_0 .net "shift", 0 0, v0x5665732249f0_0;  alias, 1 drivers
S_0x566573225bf0 .scope module, "resta0" "resta" 4 35, 9 1 0, S_0x5665731e8d40;
 .timescale -9 -12;
    .port_info 0 /INPUT 16 "A_in";
    .port_info 1 /INPUT 16 "DR_in";
    .port_info 2 /OUTPUT 1 "MSB_A";
    .port_info 3 /OUTPUT 16 "A";
v0x566573225e10_0 .var "A", 15 0;
v0x566573225ef0_0 .net "A_in", 15 0, v0x566573225230_0;  alias, 1 drivers
v0x566573225f90_0 .net "DR_in", 15 0, v0x5665732272a0_0;  alias, 1 drivers
v0x566573226030_0 .var "MSB_A", 0 0;
v0x5665732260d0_0 .var "temp", 15 0;
E_0x5665731e7510 .event anyedge, v0x566573225230_0, v0x566573225f90_0, v0x5665732260d0_0;
    .scope S_0x566573224f70;
T_0 ;
    %wait E_0x5665731e7280;
    %load/vec4 v0x5665732258d0_0;
    %flag_set/vec4 8;
    %jmp/0xz  T_0.0, 8;
    %pushi/vec4 0, 0, 16;
    %assign/vec4 v0x566573225230_0, 0;
    %load/vec4 v0x5665732254d0_0;
    %assign/vec4 v0x566573225410_0, 0;
    %pushi/vec4 0, 0, 16;
    %assign/vec4 v0x566573225830_0, 0;
    %jmp T_0.1;
T_0.0 ;
    %load/vec4 v0x566573225a00_0;
    %flag_set/vec4 8;
    %jmp/0xz  T_0.2, 8;
    %load/vec4 v0x566573225230_0;
    %load/vec4 v0x566573225410_0;
    %concat/vec4; draw_concat_vec4
    %ix/load 4, 1, 0;
    %flag_set/imm 4, 0;
    %shiftl 4;
    %split/vec4 16;
    %assign/vec4 v0x566573225410_0, 0;
    %assign/vec4 v0x566573225230_0, 0;
    %load/vec4 v0x566573225410_0;
    %assign/vec4 v0x566573225830_0, 0;
    %jmp T_0.3;
T_0.2 ;
    %load/vec4 v0x566573225790_0;
    %flag_set/vec4 8;
    %jmp/0xz  T_0.4, 8;
    %load/vec4 v0x566573225330_0;
    %assign/vec4 v0x566573225230_0, 0;
    %pushi/vec4 1, 0, 1;
    %ix/load 4, 0, 0;
    %ix/load 5, 0, 0;
    %flag_set/imm 4, 0;
    %assign/vec4/off/d v0x566573225410_0, 4, 5;
T_0.4 ;
T_0.3 ;
T_0.1 ;
    %jmp T_0;
    .thread T_0;
    .scope S_0x566573225bf0;
T_1 ;
    %wait E_0x5665731e7510;
    %load/vec4 v0x566573225ef0_0;
    %load/vec4 v0x566573225f90_0;
    %inv;
    %add;
    %addi 1, 0, 16;
    %store/vec4 v0x5665732260d0_0, 0, 16;
    %load/vec4 v0x5665732260d0_0;
    %store/vec4 v0x566573225e10_0, 0, 16;
    %load/vec4 v0x5665732260d0_0;
    %parti/s 1, 15, 5;
    %store/vec4 v0x566573226030_0, 0, 1;
    %jmp T_1;
    .thread T_1, $push;
    .scope S_0x566573223b90;
T_2 ;
    %wait E_0x5665731e7280;
    %load/vec4 v0x566573204b10_0;
    %flag_set/vec4 8;
    %jmp/0xz  T_2.0, 8;
    %pushi/vec4 16, 0, 5;
    %assign/vec4 v0x566573202ac0_0, 0;
    %jmp T_2.1;
T_2.0 ;
    %load/vec4 v0x5665732046f0_0;
    %flag_set/vec4 9;
    %flag_get/vec4 9;
    %jmp/0 T_2.4, 9;
    %load/vec4 v0x566573202ac0_0;
    %pad/u 32;
    %pushi/vec4 0, 0, 32;
    %cmp/ne;
    %flag_get/vec4 4;
    %and;
T_2.4;
    %flag_set/vec4 8;
    %jmp/0xz  T_2.2, 8;
    %load/vec4 v0x566573202ac0_0;
    %subi 1, 0, 5;
    %assign/vec4 v0x566573202ac0_0, 0;
T_2.2 ;
T_2.1 ;
    %jmp T_2;
    .thread T_2;
    .scope S_0x566573223e70;
T_3 ;
    %wait E_0x5665731e70d0;
    %load/vec4 v0x566573224950_0;
    %flag_set/vec4 8;
    %jmp/0xz  T_3.0, 8;
    %pushi/vec4 0, 0, 3;
    %assign/vec4 v0x566573224b70_0, 0;
    %pushi/vec4 0, 0, 6;
    %assign/vec4 v0x566573224520_0, 0;
    %jmp T_3.1;
T_3.0 ;
    %load/vec4 v0x566573224b70_0;
    %dup/vec4;
    %pushi/vec4 0, 0, 3;
    %cmp/u;
    %jmp/1 T_3.2, 6;
    %dup/vec4;
    %pushi/vec4 1, 0, 3;
    %cmp/u;
    %jmp/1 T_3.3, 6;
    %dup/vec4;
    %pushi/vec4 2, 0, 3;
    %cmp/u;
    %jmp/1 T_3.4, 6;
    %dup/vec4;
    %pushi/vec4 3, 0, 3;
    %cmp/u;
    %jmp/1 T_3.5, 6;
    %dup/vec4;
    %pushi/vec4 4, 0, 3;
    %cmp/u;
    %jmp/1 T_3.6, 6;
    %dup/vec4;
    %pushi/vec4 5, 0, 3;
    %cmp/u;
    %jmp/1 T_3.7, 6;
    %pushi/vec4 1, 0, 1;
    %assign/vec4 v0x5665732248b0_0, 0;
    %pushi/vec4 0, 0, 1;
    %assign/vec4 v0x5665732249f0_0, 0;
    %pushi/vec4 0, 0, 1;
    %assign/vec4 v0x5665732245c0_0, 0;
    %pushi/vec4 0, 0, 1;
    %assign/vec4 v0x566573224750_0, 0;
    %pushi/vec4 0, 0, 1;
    %assign/vec4 v0x5665732247f0_0, 0;
    %pushi/vec4 0, 0, 1;
    %assign/vec4 v0x566573224660_0, 0;
    %pushi/vec4 0, 0, 3;
    %assign/vec4 v0x566573224b70_0, 0;
    %jmp T_3.9;
T_3.2 ;
    %pushi/vec4 1, 0, 1;
    %assign/vec4 v0x5665732248b0_0, 0;
    %pushi/vec4 0, 0, 1;
    %assign/vec4 v0x5665732249f0_0, 0;
    %pushi/vec4 0, 0, 1;
    %assign/vec4 v0x5665732245c0_0, 0;
    %pushi/vec4 0, 0, 1;
    %assign/vec4 v0x566573224750_0, 0;
    %pushi/vec4 0, 0, 1;
    %assign/vec4 v0x5665732247f0_0, 0;
    %pushi/vec4 0, 0, 1;
    %assign/vec4 v0x566573224660_0, 0;
    %pushi/vec4 0, 0, 6;
    %assign/vec4 v0x566573224520_0, 0;
    %load/vec4 v0x566573224ab0_0;
    %flag_set/vec4 8;
    %jmp/0xz  T_3.10, 8;
    %pushi/vec4 1, 0, 3;
    %assign/vec4 v0x566573224b70_0, 0;
    %jmp T_3.11;
T_3.10 ;
    %pushi/vec4 0, 0, 3;
    %assign/vec4 v0x566573224b70_0, 0;
T_3.11 ;
    %jmp T_3.9;
T_3.3 ;
    %pushi/vec4 0, 0, 1;
    %assign/vec4 v0x5665732248b0_0, 0;
    %pushi/vec4 1, 0, 1;
    %assign/vec4 v0x5665732249f0_0, 0;
    %pushi/vec4 1, 0, 1;
    %assign/vec4 v0x5665732245c0_0, 0;
    %pushi/vec4 0, 0, 1;
    %assign/vec4 v0x566573224750_0, 0;
    %pushi/vec4 0, 0, 1;
    %assign/vec4 v0x5665732247f0_0, 0;
    %pushi/vec4 0, 0, 1;
    %assign/vec4 v0x566573224660_0, 0;
    %pushi/vec4 2, 0, 3;
    %assign/vec4 v0x566573224b70_0, 0;
    %jmp T_3.9;
T_3.4 ;
    %pushi/vec4 0, 0, 1;
    %assign/vec4 v0x5665732248b0_0, 0;
    %pushi/vec4 0, 0, 1;
    %assign/vec4 v0x5665732249f0_0, 0;
    %pushi/vec4 0, 0, 1;
    %assign/vec4 v0x5665732245c0_0, 0;
    %pushi/vec4 0, 0, 1;
    %assign/vec4 v0x566573224750_0, 0;
    %pushi/vec4 0, 0, 1;
    %assign/vec4 v0x5665732247f0_0, 0;
    %pushi/vec4 0, 0, 1;
    %assign/vec4 v0x566573224660_0, 0;
    %load/vec4 v0x566573204e50_0;
    %pad/u 32;
    %cmpi/e 0, 0, 32;
    %jmp/0xz  T_3.12, 4;
    %pushi/vec4 3, 0, 3;
    %assign/vec4 v0x566573224b70_0, 0;
    %jmp T_3.13;
T_3.12 ;
    %pushi/vec4 4, 0, 3;
    %assign/vec4 v0x566573224b70_0, 0;
T_3.13 ;
    %jmp T_3.9;
T_3.5 ;
    %pushi/vec4 0, 0, 1;
    %assign/vec4 v0x5665732248b0_0, 0;
    %pushi/vec4 0, 0, 1;
    %assign/vec4 v0x5665732249f0_0, 0;
    %pushi/vec4 0, 0, 1;
    %assign/vec4 v0x5665732245c0_0, 0;
    %pushi/vec4 1, 0, 1;
    %assign/vec4 v0x566573224750_0, 0;
    %pushi/vec4 1, 0, 1;
    %assign/vec4 v0x5665732247f0_0, 0;
    %pushi/vec4 0, 0, 1;
    %assign/vec4 v0x566573224660_0, 0;
    %pushi/vec4 4, 0, 3;
    %assign/vec4 v0x566573224b70_0, 0;
    %jmp T_3.9;
T_3.6 ;
    %pushi/vec4 0, 0, 1;
    %assign/vec4 v0x5665732248b0_0, 0;
    %pushi/vec4 0, 0, 1;
    %assign/vec4 v0x5665732249f0_0, 0;
    %pushi/vec4 0, 0, 1;
    %assign/vec4 v0x5665732245c0_0, 0;
    %pushi/vec4 0, 0, 1;
    %assign/vec4 v0x566573224750_0, 0;
    %pushi/vec4 0, 0, 1;
    %assign/vec4 v0x5665732247f0_0, 0;
    %pushi/vec4 0, 0, 1;
    %assign/vec4 v0x566573224660_0, 0;
    %load/vec4 v0x566573224d30_0;
    %flag_set/vec4 8;
    %jmp/0xz  T_3.14, 8;
    %pushi/vec4 5, 0, 3;
    %assign/vec4 v0x566573224b70_0, 0;
    %jmp T_3.15;
T_3.14 ;
    %pushi/vec4 1, 0, 3;
    %assign/vec4 v0x566573224b70_0, 0;
T_3.15 ;
    %jmp T_3.9;
T_3.7 ;
    %pushi/vec4 0, 0, 1;
    %assign/vec4 v0x5665732248b0_0, 0;
    %pushi/vec4 0, 0, 1;
    %assign/vec4 v0x5665732249f0_0, 0;
    %pushi/vec4 0, 0, 1;
    %assign/vec4 v0x5665732245c0_0, 0;
    %pushi/vec4 0, 0, 1;
    %assign/vec4 v0x566573224750_0, 0;
    %pushi/vec4 0, 0, 1;
    %assign/vec4 v0x5665732247f0_0, 0;
    %pushi/vec4 1, 0, 1;
    %assign/vec4 v0x566573224660_0, 0;
    %load/vec4 v0x566573224520_0;
    %addi 1, 0, 6;
    %assign/vec4 v0x566573224520_0, 0;
    %load/vec4 v0x566573224520_0;
    %pad/u 32;
    %cmpi/u 28, 0, 32;
    %flag_or 5, 4; GT is !LE
    %flag_inv 5;
    %jmp/0xz  T_3.16, 5;
    %pushi/vec4 0, 0, 3;
    %assign/vec4 v0x566573224b70_0, 0;
    %jmp T_3.17;
T_3.16 ;
    %pushi/vec4 5, 0, 3;
    %assign/vec4 v0x566573224b70_0, 0;
T_3.17 ;
    %jmp T_3.9;
T_3.9 ;
    %pop/vec4 1;
T_3.1 ;
    %jmp T_3;
    .thread T_3;
    .scope S_0x566573223e70;
T_4 ;
    %wait E_0x5665731e7930;
    %load/vec4 v0x566573224b70_0;
    %dup/vec4;
    %pushi/vec4 0, 0, 3;
    %cmp/u;
    %jmp/1 T_4.0, 6;
    %dup/vec4;
    %pushi/vec4 2, 0, 3;
    %cmp/u;
    %jmp/1 T_4.1, 6;
    %dup/vec4;
    %pushi/vec4 4, 0, 3;
    %cmp/u;
    %jmp/1 T_4.2, 6;
    %dup/vec4;
    %pushi/vec4 3, 0, 3;
    %cmp/u;
    %jmp/1 T_4.3, 6;
    %dup/vec4;
    %pushi/vec4 1, 0, 3;
    %cmp/u;
    %jmp/1 T_4.4, 6;
    %dup/vec4;
    %pushi/vec4 5, 0, 3;
    %cmp/u;
    %jmp/1 T_4.5, 6;
    %pushi/vec4 0, 0, 32; draw_string_vec4
    %pushi/vec4 0, 0, 32; draw_string_vec4
    %concat/vec4; draw_string_vec4
    %pushi/vec4 0, 0, 32; draw_string_vec4
    %concat/vec4; draw_string_vec4
    %pushi/vec4 0, 0, 32; draw_string_vec4
    %concat/vec4; draw_string_vec4
    %pushi/vec4 0, 0, 32; draw_string_vec4
    %concat/vec4; draw_string_vec4
    %pushi/vec4 0, 0, 32; draw_string_vec4
    %concat/vec4; draw_string_vec4
    %pushi/vec4 0, 0, 32; draw_string_vec4
    %concat/vec4; draw_string_vec4
    %pushi/vec4 0, 0, 32; draw_string_vec4
    %concat/vec4; draw_string_vec4
    %pushi/vec4 5590603, 0, 32; draw_string_vec4
    %concat/vec4; draw_string_vec4
    %pushi/vec4 1313822542, 0, 32; draw_string_vec4
    %concat/vec4; draw_string_vec4
    %store/vec4 v0x566573224c50_0, 0, 320;
    %jmp T_4.7;
T_4.0 ;
    %pushi/vec4 0, 0, 32; draw_string_vec4
    %pushi/vec4 0, 0, 32; draw_string_vec4
    %concat/vec4; draw_string_vec4
    %pushi/vec4 0, 0, 32; draw_string_vec4
    %concat/vec4; draw_string_vec4
    %pushi/vec4 0, 0, 32; draw_string_vec4
    %concat/vec4; draw_string_vec4
    %pushi/vec4 0, 0, 32; draw_string_vec4
    %concat/vec4; draw_string_vec4
    %pushi/vec4 0, 0, 32; draw_string_vec4
    %concat/vec4; draw_string_vec4
    %pushi/vec4 0, 0, 32; draw_string_vec4
    %concat/vec4; draw_string_vec4
    %pushi/vec4 0, 0, 32; draw_string_vec4
    %concat/vec4; draw_string_vec4
    %pushi/vec4 0, 0, 32; draw_string_vec4
    %concat/vec4; draw_string_vec4
    %pushi/vec4 1229867348, 0, 32; draw_string_vec4
    %concat/vec4; draw_string_vec4
    %store/vec4 v0x566573224c50_0, 0, 320;
    %jmp T_4.7;
T_4.1 ;
    %pushi/vec4 0, 0, 32; draw_string_vec4
    %pushi/vec4 0, 0, 32; draw_string_vec4
    %concat/vec4; draw_string_vec4
    %pushi/vec4 0, 0, 32; draw_string_vec4
    %concat/vec4; draw_string_vec4
    %pushi/vec4 0, 0, 32; draw_string_vec4
    %concat/vec4; draw_string_vec4
    %pushi/vec4 0, 0, 32; draw_string_vec4
    %concat/vec4; draw_string_vec4
    %pushi/vec4 0, 0, 32; draw_string_vec4
    %concat/vec4; draw_string_vec4
    %pushi/vec4 0, 0, 32; draw_string_vec4
    %concat/vec4; draw_string_vec4
    %pushi/vec4 0, 0, 32; draw_string_vec4
    %concat/vec4; draw_string_vec4
    %pushi/vec4 1128809795, 0, 32; draw_string_vec4
    %concat/vec4; draw_string_vec4
    %pushi/vec4 1264534614, 0, 32; draw_string_vec4
    %concat/vec4; draw_string_vec4
    %store/vec4 v0x566573224c50_0, 0, 320;
    %jmp T_4.7;
T_4.2 ;
    %pushi/vec4 0, 0, 32; draw_string_vec4
    %pushi/vec4 0, 0, 32; draw_string_vec4
    %concat/vec4; draw_string_vec4
    %pushi/vec4 0, 0, 32; draw_string_vec4
    %concat/vec4; draw_string_vec4
    %pushi/vec4 0, 0, 32; draw_string_vec4
    %concat/vec4; draw_string_vec4
    %pushi/vec4 0, 0, 32; draw_string_vec4
    %concat/vec4; draw_string_vec4
    %pushi/vec4 0, 0, 32; draw_string_vec4
    %concat/vec4; draw_string_vec4
    %pushi/vec4 0, 0, 32; draw_string_vec4
    %concat/vec4; draw_string_vec4
    %pushi/vec4 0, 0, 32; draw_string_vec4
    %concat/vec4; draw_string_vec4
    %pushi/vec4 4409413, 0, 32; draw_string_vec4
    %concat/vec4; draw_string_vec4
    %pushi/vec4 1129013059, 0, 32; draw_string_vec4
    %concat/vec4; draw_string_vec4
    %store/vec4 v0x566573224c50_0, 0, 320;
    %jmp T_4.7;
T_4.3 ;
    %pushi/vec4 0, 0, 32; draw_string_vec4
    %pushi/vec4 0, 0, 32; draw_string_vec4
    %concat/vec4; draw_string_vec4
    %pushi/vec4 0, 0, 32; draw_string_vec4
    %concat/vec4; draw_string_vec4
    %pushi/vec4 0, 0, 32; draw_string_vec4
    %concat/vec4; draw_string_vec4
    %pushi/vec4 0, 0, 32; draw_string_vec4
    %concat/vec4; draw_string_vec4
    %pushi/vec4 0, 0, 32; draw_string_vec4
    %concat/vec4; draw_string_vec4
    %pushi/vec4 0, 0, 32; draw_string_vec4
    %concat/vec4; draw_string_vec4
    %pushi/vec4 65, 0, 32; draw_string_vec4
    %concat/vec4; draw_string_vec4
    %pushi/vec4 1397967182, 0, 32; draw_string_vec4
    %concat/vec4; draw_string_vec4
    %pushi/vec4 1197425750, 0, 32; draw_string_vec4
    %concat/vec4; draw_string_vec4
    %store/vec4 v0x566573224c50_0, 0, 320;
    %jmp T_4.7;
T_4.4 ;
    %pushi/vec4 0, 0, 32; draw_string_vec4
    %pushi/vec4 0, 0, 32; draw_string_vec4
    %concat/vec4; draw_string_vec4
    %pushi/vec4 0, 0, 32; draw_string_vec4
    %concat/vec4; draw_string_vec4
    %pushi/vec4 0, 0, 32; draw_string_vec4
    %concat/vec4; draw_string_vec4
    %pushi/vec4 0, 0, 32; draw_string_vec4
    %concat/vec4; draw_string_vec4
    %pushi/vec4 0, 0, 32; draw_string_vec4
    %concat/vec4; draw_string_vec4
    %pushi/vec4 0, 0, 32; draw_string_vec4
    %concat/vec4; draw_string_vec4
    %pushi/vec4 0, 0, 32; draw_string_vec4
    %concat/vec4; draw_string_vec4
    %pushi/vec4 1397246278, 0, 32; draw_string_vec4
    %concat/vec4; draw_string_vec4
    %pushi/vec4 1415529558, 0, 32; draw_string_vec4
    %concat/vec4; draw_string_vec4
    %store/vec4 v0x566573224c50_0, 0, 320;
    %jmp T_4.7;
T_4.5 ;
    %pushi/vec4 0, 0, 32; draw_string_vec4
    %pushi/vec4 0, 0, 32; draw_string_vec4
    %concat/vec4; draw_string_vec4
    %pushi/vec4 0, 0, 32; draw_string_vec4
    %concat/vec4; draw_string_vec4
    %pushi/vec4 0, 0, 32; draw_string_vec4
    %concat/vec4; draw_string_vec4
    %pushi/vec4 0, 0, 32; draw_string_vec4
    %concat/vec4; draw_string_vec4
    %pushi/vec4 0, 0, 32; draw_string_vec4
    %concat/vec4; draw_string_vec4
    %pushi/vec4 0, 0, 32; draw_string_vec4
    %concat/vec4; draw_string_vec4
    %pushi/vec4 17487, 0, 32; draw_string_vec4
    %concat/vec4; draw_string_vec4
    %pushi/vec4 1313169235, 0, 32; draw_string_vec4
    %concat/vec4; draw_string_vec4
    %pushi/vec4 1413567557, 0, 32; draw_string_vec4
    %concat/vec4; draw_string_vec4
    %store/vec4 v0x566573224c50_0, 0, 320;
    %jmp T_4.7;
T_4.7 ;
    %pop/vec4 1;
    %jmp T_4;
    .thread T_4, $push;
    .scope S_0x5665731e6c10;
T_5 ;
    %pushi/vec4 0, 0, 1;
    %store/vec4 v0x5665732274a0_0, 0, 1;
T_5.0 ;
    %delay 5000, 0;
    %load/vec4 v0x5665732274a0_0;
    %inv;
    %store/vec4 v0x5665732274a0_0, 0, 1;
    %jmp T_5.0;
    %end;
    .thread T_5;
    .scope S_0x5665731e6c10;
T_6 ;
    %pushi/vec4 1, 0, 1;
    %store/vec4 v0x566573227630_0, 0, 1;
    %pushi/vec4 0, 0, 1;
    %store/vec4 v0x566573227720_0, 0, 1;
    %pushi/vec4 0, 0, 16;
    %store/vec4 v0x566573227170_0, 0, 16;
    %pushi/vec4 0, 0, 16;
    %store/vec4 v0x5665732272a0_0, 0, 16;
    %delay 20000, 0;
    %pushi/vec4 0, 0, 1;
    %store/vec4 v0x566573227630_0, 0, 1;
    %wait E_0x5665731e7280;
    %pushi/vec4 25, 0, 16;
    %store/vec4 v0x566573227170_0, 0, 16;
    %pushi/vec4 5, 0, 16;
    %store/vec4 v0x5665732272a0_0, 0, 16;
    %wait E_0x5665731e7280;
    %pushi/vec4 1, 0, 1;
    %store/vec4 v0x566573227720_0, 0, 1;
    %wait E_0x5665731e7280;
    %pushi/vec4 0, 0, 1;
    %store/vec4 v0x566573227720_0, 0, 1;
T_6.0 ;
    %load/vec4 v0x566573227540_0;
    %cmpi/ne 1, 0, 1;
    %jmp/0xz T_6.1, 6;
    %wait E_0x5665731e78f0;
    %jmp T_6.0;
T_6.1 ;
    %delay 20000, 0;
    %vpi_call/w 3 73 "$display", "----------------------------------" {0 0 0};
    %vpi_call/w 3 74 "$display", "CASO 1" {0 0 0};
    %vpi_call/w 3 75 "$display", "A = %d", v0x566573227170_0 {0 0 0};
    %vpi_call/w 3 76 "$display", "B = %d", v0x5665732272a0_0 {0 0 0};
    %vpi_call/w 3 77 "$display", "Resultado = %d", v0x5665732273b0_0 {0 0 0};
    %vpi_call/w 3 78 "$display", "----------------------------------" {0 0 0};
    %pushi/vec4 1, 0, 1;
    %store/vec4 v0x566573227630_0, 0, 1;
    %delay 20000, 0;
    %pushi/vec4 0, 0, 1;
    %store/vec4 v0x566573227630_0, 0, 1;
    %wait E_0x5665731e7280;
    %pushi/vec4 100, 0, 16;
    %store/vec4 v0x566573227170_0, 0, 16;
    %pushi/vec4 4, 0, 16;
    %store/vec4 v0x5665732272a0_0, 0, 16;
    %wait E_0x5665731e7280;
    %pushi/vec4 1, 0, 1;
    %store/vec4 v0x566573227720_0, 0, 1;
    %wait E_0x5665731e7280;
    %pushi/vec4 0, 0, 1;
    %store/vec4 v0x566573227720_0, 0, 1;
T_6.2 ;
    %load/vec4 v0x566573227540_0;
    %cmpi/ne 1, 0, 1;
    %jmp/0xz T_6.3, 6;
    %wait E_0x5665731e78f0;
    %jmp T_6.2;
T_6.3 ;
    %delay 20000, 0;
    %vpi_call/w 3 103 "$display", "----------------------------------" {0 0 0};
    %vpi_call/w 3 104 "$display", "CASO 2" {0 0 0};
    %vpi_call/w 3 105 "$display", "A = %d", v0x566573227170_0 {0 0 0};
    %vpi_call/w 3 106 "$display", "B = %d", v0x5665732272a0_0 {0 0 0};
    %vpi_call/w 3 107 "$display", "Resultado = %d", v0x5665732273b0_0 {0 0 0};
    %vpi_call/w 3 108 "$display", "----------------------------------" {0 0 0};
    %pushi/vec4 1, 0, 1;
    %store/vec4 v0x566573227630_0, 0, 1;
    %delay 20000, 0;
    %pushi/vec4 0, 0, 1;
    %store/vec4 v0x566573227630_0, 0, 1;
    %wait E_0x5665731e7280;
    %pushi/vec4 17, 0, 16;
    %store/vec4 v0x566573227170_0, 0, 16;
    %pushi/vec4 3, 0, 16;
    %store/vec4 v0x5665732272a0_0, 0, 16;
    %wait E_0x5665731e7280;
    %pushi/vec4 1, 0, 1;
    %store/vec4 v0x566573227720_0, 0, 1;
    %wait E_0x5665731e7280;
    %pushi/vec4 0, 0, 1;
    %store/vec4 v0x566573227720_0, 0, 1;
T_6.4 ;
    %load/vec4 v0x566573227540_0;
    %cmpi/ne 1, 0, 1;
    %jmp/0xz T_6.5, 6;
    %wait E_0x5665731e78f0;
    %jmp T_6.4;
T_6.5 ;
    %delay 20000, 0;
    %vpi_call/w 3 133 "$display", "----------------------------------" {0 0 0};
    %vpi_call/w 3 134 "$display", "CASO 3" {0 0 0};
    %vpi_call/w 3 135 "$display", "A = %d", v0x566573227170_0 {0 0 0};
    %vpi_call/w 3 136 "$display", "B = %d", v0x5665732272a0_0 {0 0 0};
    %vpi_call/w 3 137 "$display", "Resultado = %d", v0x5665732273b0_0 {0 0 0};
    %vpi_call/w 3 138 "$display", "----------------------------------" {0 0 0};
    %delay 100000, 0;
    %vpi_call/w 3 146 "$finish" {0 0 0};
    %end;
    .thread T_6;
    .scope S_0x5665731e6c10;
T_7 ;
    %vpi_call/w 3 152 "$dumpfile", "divisor_TB.vcd" {0 0 0};
    %vpi_call/w 3 153 "$dumpvars", 32'sb00000000000000000000000000000000, S_0x5665731e6c10 {0 0 0};
    %end;
    .thread T_7;
# The file index is used to find the file name in the following table.
:file_names 10;
    "N/A";
    "<interactive>";
    "-";
    "divisor_TB.v";
    "divisor.v";
    "check_c.v";
    "contador.v";
    "div_control.v";
    "left_shift_register.v";
    "resta.v";
